
> codingkidswebsite@0.1.0 build
> next build --turbopack

▲ Next.js 16.2.7 (Turbopack)
- Environments: .env.local

  Creating an optimized production build ...
✓ Compiled successfully in 1950ms
  Running TypeScript ...
  Finished TypeScript in 3.1s ...
  Collecting page data using 10 workers ...
  Generating static pages using 10 workers (0/14) ...
  Generating static pages using 10 workers (3/14) 
  Generating static pages using 10 workers (6/14) 
  Generating static pages using 10 workers (10/14) 
✓ Generating static pages using 10 workers (14/14) in 211ms
  Finalizing page optimization ...

Route (app)
┌ ○ /
├ ○ /_not-found
├ ƒ /api/send-email
├ ○ /dashboard
├ ○ /datenschutz
├ ○ /impressum
├ ○ /kontakt
├ ○ /login
├ ○ /profile
├ ○ /ressources
├ ○ /spenden
├ ○ /termine
└ ○ /verein


○  (Static)   prerendered as static content
ƒ  (Dynamic)  server-rendered on demand

